[0.051s] DEBUG:colcon:Command line arguments: ['/usr/bin/colcon', 'build', '--packages-select', 'champ_teleop']
[0.051s] DEBUG:colcon:Parsed command line arguments: Namespace(log_base=None, log_level=None, verb_name='build', build_base='build', install_base='install', merge_install=False, symlink_install=False, test_result_base=None, continue_on_error=False, executor='parallel', parallel_workers=32, event_handlers=None, ignore_user_meta=False, metas=['./colcon.meta'], base_paths=['.'], packages_ignore=None, packages_ignore_regex=None, paths=None, packages_up_to=None, packages_up_to_regex=None, packages_above=None, packages_above_and_dependencies=None, packages_above_depth=None, packages_select_by_dep=None, packages_skip_by_dep=None, packages_skip_up_to=None, packages_select_build_failed=False, packages_skip_build_finished=False, packages_select_test_failures=False, packages_skip_test_passed=False, packages_select=['champ_teleop'], packages_skip=None, packages_select_regex=None, packages_skip_regex=None, packages_start=None, packages_end=None, allow_overriding=[], cmake_args=None, cmake_target=None, cmake_target_skip_unavailable=False, cmake_clean_cache=False, cmake_clean_first=False, cmake_force_configure=False, ament_cmake_args=None, catkin_cmake_args=None, catkin_skip_building_tests=False, mixin_files=None, mixin=None, verb_parser=<colcon_mixin.mixin.mixin_argument.MixinArgumentDecorator object at 0x70ae6c14d0c0>, verb_extension=<colcon_core.verb.build.BuildVerb object at 0x70ae6c14ca90>, main=<bound method BuildVerb.main of <colcon_core.verb.build.BuildVerb object at 0x70ae6c14ca90>>, mixin_verb=('build',))
[0.131s] Level 1:colcon.colcon_core.package_discovery:discover_packages(colcon_meta) check parameters
[0.131s] Level 1:colcon.colcon_core.package_discovery:discover_packages(recursive) check parameters
[0.131s] Level 1:colcon.colcon_core.package_discovery:discover_packages(ignore) check parameters
[0.131s] Level 1:colcon.colcon_core.package_discovery:discover_packages(path) check parameters
[0.131s] Level 1:colcon.colcon_core.package_discovery:discover_packages(colcon_meta) discover
[0.131s] Level 1:colcon.colcon_core.package_discovery:discover_packages(recursive) discover
[0.131s] INFO:colcon.colcon_core.package_discovery:Crawling recursively for packages in '/root/ros2_ws/unitree-go2-ros2/champ_teleop'
[0.131s] Level 1:colcon.colcon_core.package_identification:_identify(.) by extensions ['ignore', 'ignore_ament_install']
[0.131s] Level 1:colcon.colcon_core.package_identification:_identify(.) by extension 'ignore'
[0.131s] Level 1:colcon.colcon_core.package_identification:_identify(.) by extension 'ignore_ament_install'
[0.131s] Level 1:colcon.colcon_core.package_identification:_identify(.) by extensions ['colcon_pkg']
[0.131s] Level 1:colcon.colcon_core.package_identification:_identify(.) by extension 'colcon_pkg'
[0.131s] Level 1:colcon.colcon_core.package_identification:_identify(.) by extensions ['colcon_meta']
[0.131s] Level 1:colcon.colcon_core.package_identification:_identify(.) by extension 'colcon_meta'
[0.131s] Level 1:colcon.colcon_core.package_identification:_identify(.) by extensions ['ros']
[0.131s] Level 1:colcon.colcon_core.package_identification:_identify(.) by extension 'ros'
[0.138s] DEBUG:colcon.colcon_core.package_identification:Package '.' with type 'ros.ament_cmake' and name 'champ_teleop'
[0.138s] Level 1:colcon.colcon_core.package_discovery:discover_packages(recursive) using defaults
[0.138s] Level 1:colcon.colcon_core.package_discovery:discover_packages(ignore) discover
[0.138s] Level 1:colcon.colcon_core.package_discovery:discover_packages(ignore) using defaults
[0.138s] Level 1:colcon.colcon_core.package_discovery:discover_packages(path) discover
[0.138s] Level 1:colcon.colcon_core.package_discovery:discover_packages(path) using defaults
[0.157s] Level 1:colcon.colcon_core.package_discovery:discover_packages(prefix_path) check parameters
[0.157s] Level 1:colcon.colcon_core.package_discovery:discover_packages(prefix_path) discover
[0.158s] DEBUG:colcon.colcon_installed_package_information.package_discovery:Found 0 installed packages in /root/ros2_ws/unitree-go2-ros2/champ_teleop/install
[0.158s] DEBUG:colcon.colcon_installed_package_information.package_discovery:Found 11 installed packages in /root/ros2_ws/install
[0.159s] DEBUG:colcon.colcon_installed_package_information.package_discovery:Found 377 installed packages in /opt/ros/humble
[0.160s] Level 1:colcon.colcon_core.package_discovery:discover_packages(prefix_path) using defaults
[0.182s] Level 5:colcon.colcon_core.verb:set package 'champ_teleop' build argument 'cmake_args' from command line to 'None'
[0.182s] Level 5:colcon.colcon_core.verb:set package 'champ_teleop' build argument 'cmake_target' from command line to 'None'
[0.182s] Level 5:colcon.colcon_core.verb:set package 'champ_teleop' build argument 'cmake_target_skip_unavailable' from command line to 'False'
[0.182s] Level 5:colcon.colcon_core.verb:set package 'champ_teleop' build argument 'cmake_clean_cache' from command line to 'False'
[0.182s] Level 5:colcon.colcon_core.verb:set package 'champ_teleop' build argument 'cmake_clean_first' from command line to 'False'
[0.182s] Level 5:colcon.colcon_core.verb:set package 'champ_teleop' build argument 'cmake_force_configure' from command line to 'False'
[0.182s] Level 5:colcon.colcon_core.verb:set package 'champ_teleop' build argument 'ament_cmake_args' from command line to 'None'
[0.182s] Level 5:colcon.colcon_core.verb:set package 'champ_teleop' build argument 'catkin_cmake_args' from command line to 'None'
[0.182s] Level 5:colcon.colcon_core.verb:set package 'champ_teleop' build argument 'catkin_skip_building_tests' from command line to 'False'
[0.182s] DEBUG:colcon.colcon_core.verb:Building package 'champ_teleop' with the following arguments: {'ament_cmake_args': None, 'build_base': '/root/ros2_ws/unitree-go2-ros2/champ_teleop/build/champ_teleop', 'catkin_cmake_args': None, 'catkin_skip_building_tests': False, 'cmake_args': None, 'cmake_clean_cache': False, 'cmake_clean_first': False, 'cmake_force_configure': False, 'cmake_target': None, 'cmake_target_skip_unavailable': False, 'install_base': '/root/ros2_ws/unitree-go2-ros2/champ_teleop/install/champ_teleop', 'merge_install': False, 'path': '/root/ros2_ws/unitree-go2-ros2/champ_teleop', 'symlink_install': False, 'test_result_base': None}
[0.182s] INFO:colcon.colcon_core.executor:Executing jobs using 'parallel' executor
[0.183s] DEBUG:colcon.colcon_parallel_executor.executor.parallel:run_until_complete
[0.183s] INFO:colcon.colcon_ros.task.ament_cmake.build:Building ROS package in '/root/ros2_ws/unitree-go2-ros2/champ_teleop' with build type 'ament_cmake'
[0.183s] INFO:colcon.colcon_cmake.task.cmake.build:Building CMake package in '/root/ros2_ws/unitree-go2-ros2/champ_teleop'
[0.184s] INFO:colcon.colcon_core.plugin_system:Skipping extension 'colcon_core.shell.bat': Not used on non-Windows systems
[0.184s] INFO:colcon.colcon_core.shell:Skip shell extension 'powershell' for command environment: Not usable outside of PowerShell
[0.184s] DEBUG:colcon.colcon_core.shell:Skip shell extension 'dsv' for command environment
[0.189s] DEBUG:colcon.colcon_core.event_handler.log_command:Invoking command in '/root/ros2_ws/unitree-go2-ros2/champ_teleop/build/champ_teleop': CMAKE_PREFIX_PATH=${CMAKE_PREFIX_PATH}:/opt/ros/humble /usr/bin/cmake /root/ros2_ws/unitree-go2-ros2/champ_teleop -DCMAKE_INSTALL_PREFIX=/root/ros2_ws/unitree-go2-ros2/champ_teleop/install/champ_teleop
[0.550s] DEBUG:colcon.colcon_core.event_handler.log_command:Invoked command in '/root/ros2_ws/unitree-go2-ros2/champ_teleop/build/champ_teleop' returned '0': CMAKE_PREFIX_PATH=${CMAKE_PREFIX_PATH}:/opt/ros/humble /usr/bin/cmake /root/ros2_ws/unitree-go2-ros2/champ_teleop -DCMAKE_INSTALL_PREFIX=/root/ros2_ws/unitree-go2-ros2/champ_teleop/install/champ_teleop
[0.551s] DEBUG:colcon.colcon_core.event_handler.log_command:Invoking command in '/root/ros2_ws/unitree-go2-ros2/champ_teleop/build/champ_teleop': CMAKE_PREFIX_PATH=${CMAKE_PREFIX_PATH}:/opt/ros/humble /usr/bin/cmake --build /root/ros2_ws/unitree-go2-ros2/champ_teleop/build/champ_teleop -- -j32 -l32
[0.576s] DEBUG:colcon.colcon_core.event_handler.log_command:Invoked command in '/root/ros2_ws/unitree-go2-ros2/champ_teleop/build/champ_teleop' returned '0': CMAKE_PREFIX_PATH=${CMAKE_PREFIX_PATH}:/opt/ros/humble /usr/bin/cmake --build /root/ros2_ws/unitree-go2-ros2/champ_teleop/build/champ_teleop -- -j32 -l32
[0.581s] DEBUG:colcon.colcon_core.event_handler.log_command:Invoking command in '/root/ros2_ws/unitree-go2-ros2/champ_teleop/build/champ_teleop': CMAKE_PREFIX_PATH=${CMAKE_PREFIX_PATH}:/opt/ros/humble /usr/bin/cmake --install /root/ros2_ws/unitree-go2-ros2/champ_teleop/build/champ_teleop
[0.588s] Level 1:colcon.colcon_core.environment:create_environment_scripts_only(champ_teleop)
[0.588s] DEBUG:colcon.colcon_core.event_handler.log_command:Invoked command in '/root/ros2_ws/unitree-go2-ros2/champ_teleop/build/champ_teleop' returned '0': CMAKE_PREFIX_PATH=${CMAKE_PREFIX_PATH}:/opt/ros/humble /usr/bin/cmake --install /root/ros2_ws/unitree-go2-ros2/champ_teleop/build/champ_teleop
[0.590s] Level 1:colcon.colcon_core.environment:checking '/root/ros2_ws/unitree-go2-ros2/champ_teleop/install/champ_teleop' for CMake module files
[0.590s] Level 1:colcon.colcon_core.environment:checking '/root/ros2_ws/unitree-go2-ros2/champ_teleop/install/champ_teleop' for CMake config files
[0.590s] Level 1:colcon.colcon_core.shell:create_environment_hook('champ_teleop', 'cmake_prefix_path')
[0.590s] INFO:colcon.colcon_core.shell:Creating environment hook '/root/ros2_ws/unitree-go2-ros2/champ_teleop/install/champ_teleop/share/champ_teleop/hook/cmake_prefix_path.ps1'
[0.591s] INFO:colcon.colcon_core.shell:Creating environment descriptor '/root/ros2_ws/unitree-go2-ros2/champ_teleop/install/champ_teleop/share/champ_teleop/hook/cmake_prefix_path.dsv'
[0.591s] INFO:colcon.colcon_core.shell:Creating environment hook '/root/ros2_ws/unitree-go2-ros2/champ_teleop/install/champ_teleop/share/champ_teleop/hook/cmake_prefix_path.sh'
[0.591s] Level 1:colcon.colcon_core.environment:checking '/root/ros2_ws/unitree-go2-ros2/champ_teleop/install/champ_teleop/lib'
[0.592s] Level 1:colcon.colcon_core.environment:checking '/root/ros2_ws/unitree-go2-ros2/champ_teleop/install/champ_teleop/bin'
[0.592s] Level 1:colcon.colcon_core.environment:checking '/root/ros2_ws/unitree-go2-ros2/champ_teleop/install/champ_teleop/lib/pkgconfig/champ_teleop.pc'
[0.592s] Level 1:colcon.colcon_core.environment:checking '/root/ros2_ws/unitree-go2-ros2/champ_teleop/install/champ_teleop/lib/python3.10/site-packages'
[0.592s] Level 1:colcon.colcon_core.environment:checking '/root/ros2_ws/unitree-go2-ros2/champ_teleop/install/champ_teleop/bin'
[0.592s] INFO:colcon.colcon_core.shell:Creating package script '/root/ros2_ws/unitree-go2-ros2/champ_teleop/install/champ_teleop/share/champ_teleop/package.ps1'
[0.592s] INFO:colcon.colcon_core.shell:Creating package descriptor '/root/ros2_ws/unitree-go2-ros2/champ_teleop/install/champ_teleop/share/champ_teleop/package.dsv'
[0.593s] INFO:colcon.colcon_core.shell:Creating package script '/root/ros2_ws/unitree-go2-ros2/champ_teleop/install/champ_teleop/share/champ_teleop/package.sh'
[0.593s] INFO:colcon.colcon_core.shell:Creating package script '/root/ros2_ws/unitree-go2-ros2/champ_teleop/install/champ_teleop/share/champ_teleop/package.bash'
[0.593s] INFO:colcon.colcon_core.shell:Creating package script '/root/ros2_ws/unitree-go2-ros2/champ_teleop/install/champ_teleop/share/champ_teleop/package.zsh'
[0.594s] Level 1:colcon.colcon_core.environment:create_file_with_runtime_dependencies(/root/ros2_ws/unitree-go2-ros2/champ_teleop/install/champ_teleop/share/colcon-core/packages/champ_teleop)
[0.594s] Level 1:colcon.colcon_core.environment:create_environment_scripts_only(champ_teleop)
[0.594s] Level 1:colcon.colcon_core.environment:checking '/root/ros2_ws/unitree-go2-ros2/champ_teleop/install/champ_teleop' for CMake module files
[0.594s] Level 1:colcon.colcon_core.environment:checking '/root/ros2_ws/unitree-go2-ros2/champ_teleop/install/champ_teleop' for CMake config files
[0.594s] Level 1:colcon.colcon_core.shell:create_environment_hook('champ_teleop', 'cmake_prefix_path')
[0.594s] INFO:colcon.colcon_core.shell:Creating environment hook '/root/ros2_ws/unitree-go2-ros2/champ_teleop/install/champ_teleop/share/champ_teleop/hook/cmake_prefix_path.ps1'
[0.595s] INFO:colcon.colcon_core.shell:Creating environment descriptor '/root/ros2_ws/unitree-go2-ros2/champ_teleop/install/champ_teleop/share/champ_teleop/hook/cmake_prefix_path.dsv'
[0.595s] INFO:colcon.colcon_core.shell:Creating environment hook '/root/ros2_ws/unitree-go2-ros2/champ_teleop/install/champ_teleop/share/champ_teleop/hook/cmake_prefix_path.sh'
[0.595s] Level 1:colcon.colcon_core.environment:checking '/root/ros2_ws/unitree-go2-ros2/champ_teleop/install/champ_teleop/lib'
[0.595s] Level 1:colcon.colcon_core.environment:checking '/root/ros2_ws/unitree-go2-ros2/champ_teleop/install/champ_teleop/bin'
[0.595s] Level 1:colcon.colcon_core.environment:checking '/root/ros2_ws/unitree-go2-ros2/champ_teleop/install/champ_teleop/lib/pkgconfig/champ_teleop.pc'
[0.595s] Level 1:colcon.colcon_core.environment:checking '/root/ros2_ws/unitree-go2-ros2/champ_teleop/install/champ_teleop/lib/python3.10/site-packages'
[0.595s] Level 1:colcon.colcon_core.environment:checking '/root/ros2_ws/unitree-go2-ros2/champ_teleop/install/champ_teleop/bin'
[0.596s] INFO:colcon.colcon_core.shell:Creating package script '/root/ros2_ws/unitree-go2-ros2/champ_teleop/install/champ_teleop/share/champ_teleop/package.ps1'
[0.596s] INFO:colcon.colcon_core.shell:Creating package descriptor '/root/ros2_ws/unitree-go2-ros2/champ_teleop/install/champ_teleop/share/champ_teleop/package.dsv'
[0.596s] INFO:colcon.colcon_core.shell:Creating package script '/root/ros2_ws/unitree-go2-ros2/champ_teleop/install/champ_teleop/share/champ_teleop/package.sh'
[0.596s] INFO:colcon.colcon_core.shell:Creating package script '/root/ros2_ws/unitree-go2-ros2/champ_teleop/install/champ_teleop/share/champ_teleop/package.bash'
[0.596s] INFO:colcon.colcon_core.shell:Creating package script '/root/ros2_ws/unitree-go2-ros2/champ_teleop/install/champ_teleop/share/champ_teleop/package.zsh'
[0.597s] Level 1:colcon.colcon_core.environment:create_file_with_runtime_dependencies(/root/ros2_ws/unitree-go2-ros2/champ_teleop/install/champ_teleop/share/colcon-core/packages/champ_teleop)
[0.597s] DEBUG:colcon.colcon_parallel_executor.executor.parallel:closing loop
[0.597s] DEBUG:colcon.colcon_parallel_executor.executor.parallel:loop closed
[0.597s] DEBUG:colcon.colcon_parallel_executor.executor.parallel:run_until_complete finished with '0'
[0.597s] DEBUG:colcon.colcon_core.event_reactor:joining thread
[0.600s] INFO:colcon.colcon_core.plugin_system:Skipping extension 'colcon_notification.desktop_notification.notify_send': Could not find 'notify-send'
[0.600s] INFO:colcon.colcon_core.plugin_system:Skipping extension 'colcon_notification.desktop_notification.terminal_notifier': Not used on non-Darwin systems
[0.600s] INFO:colcon.colcon_core.plugin_system:Skipping extension 'colcon_notification.desktop_notification.win32': Not used on non-Windows systems
[0.600s] INFO:colcon.colcon_notification.desktop_notification:Sending desktop notification using 'notify2'
[0.602s] DEBUG:colcon.colcon_notification.desktop_notification.notify2:Failed to initialize notify2: org.freedesktop.DBus.Error.Spawn.ExecFailed: /usr/bin/dbus-launch terminated abnormally without any error message
[0.602s] DEBUG:colcon.colcon_core.event_reactor:joined thread
[0.602s] INFO:colcon.colcon_core.shell:Creating prefix script '/root/ros2_ws/unitree-go2-ros2/champ_teleop/install/local_setup.ps1'
[0.603s] INFO:colcon.colcon_core.shell:Creating prefix util module '/root/ros2_ws/unitree-go2-ros2/champ_teleop/install/_local_setup_util_ps1.py'
[0.604s] INFO:colcon.colcon_core.shell:Creating prefix chain script '/root/ros2_ws/unitree-go2-ros2/champ_teleop/install/setup.ps1'
[0.605s] INFO:colcon.colcon_core.shell:Creating prefix script '/root/ros2_ws/unitree-go2-ros2/champ_teleop/install/local_setup.sh'
[0.605s] INFO:colcon.colcon_core.shell:Creating prefix util module '/root/ros2_ws/unitree-go2-ros2/champ_teleop/install/_local_setup_util_sh.py'
[0.605s] INFO:colcon.colcon_core.shell:Creating prefix chain script '/root/ros2_ws/unitree-go2-ros2/champ_teleop/install/setup.sh'
[0.606s] INFO:colcon.colcon_core.shell:Creating prefix script '/root/ros2_ws/unitree-go2-ros2/champ_teleop/install/local_setup.bash'
[0.606s] INFO:colcon.colcon_core.shell:Creating prefix chain script '/root/ros2_ws/unitree-go2-ros2/champ_teleop/install/setup.bash'
[0.607s] INFO:colcon.colcon_core.shell:Creating prefix script '/root/ros2_ws/unitree-go2-ros2/champ_teleop/install/local_setup.zsh'
[0.608s] INFO:colcon.colcon_core.shell:Creating prefix chain script '/root/ros2_ws/unitree-go2-ros2/champ_teleop/install/setup.zsh'
